###############################################################################
#
# IAR ELF Linker V7.60.1.11101/W32 for ARM                05/Dec/2018  14:45:00
# Copyright 2007-2016 IAR Systems AB.
#
#    Output file  =  D:\work\ArmProjects\RDC2-0043\Debug\Exe\RDC2-0043.out
#    Map file     =  D:\work\ArmProjects\RDC2-0043\Debug\List\RDC2-0043.map
#    Command line =  
#        D:\work\ArmProjects\RDC2-0043\Debug\Obj\ADC.o
#        D:\work\ArmProjects\RDC2-0043\Debug\Obj\DataTables.o
#        D:\work\ArmProjects\RDC2-0043\Debug\Obj\Display.o
#        D:\work\ArmProjects\RDC2-0043\Debug\Obj\LED.o
#        D:\work\ArmProjects\RDC2-0043\Debug\Obj\main.o
#        D:\work\ArmProjects\RDC2-0043\Debug\Obj\Output.o
#        D:\work\ArmProjects\RDC2-0043\Debug\Obj\RDC2-0043_USB.o
#        D:\work\ArmProjects\RDC2-0043\Debug\Obj\SPI_EEPROM.o
#        D:\work\ArmProjects\RDC2-0043\Debug\Obj\startup_stm32f042.o
#        D:\work\ArmProjects\RDC2-0043\Debug\Obj\stm32f0xx_it.o
#        D:\work\ArmProjects\RDC2-0043\Debug\Obj\system_stm32f0xx.o
#        D:\work\ArmProjects\RDC2-0043\Debug\Obj\Thermistor.o
#        D:\work\ArmProjects\RDC2-0043\Debug\Obj\usb_bsp.o
#        D:\work\ArmProjects\RDC2-0043\Debug\Obj\usb_core.o
#        D:\work\ArmProjects\RDC2-0043\Debug\Obj\usb_dcd.o
#        D:\work\ArmProjects\RDC2-0043\Debug\Obj\usb_dcd_int.o
#        D:\work\ArmProjects\RDC2-0043\Debug\Obj\usbd_core.o
#        D:\work\ArmProjects\RDC2-0043\Debug\Obj\usbd_custom_hid_core.o
#        D:\work\ArmProjects\RDC2-0043\Debug\Obj\usbd_desc.o
#        D:\work\ArmProjects\RDC2-0043\Debug\Obj\usbd_ioreq.o
#        D:\work\ArmProjects\RDC2-0043\Debug\Obj\usbd_pwr.o
#        D:\work\ArmProjects\RDC2-0043\Debug\Obj\usbd_req.o
#        D:\work\ArmProjects\RDC2-0043\Debug\Obj\usbd_usr.o
#        D:\work\ArmProjects\RDC2-0043\Debug\Obj\UserCtrl.o -o
#        D:\work\ArmProjects\RDC2-0043\Debug\Exe\RDC2-0043.out --redirect
#        _Printf=_PrintfFull --redirect _Scanf=_ScanfFull --map
#        D:\work\ArmProjects\RDC2-0043\Debug\List\RDC2-0043.map --config
#        "C:\Program Files (x86)\IAR Systems\Embedded Workbench
#        7.4\arm\config\linker\ST\stm32f042x6.icf" --semihosting --entry
#        __iar_program_start --vfe
#
###############################################################################

*******************************************************************************
*** RUNTIME MODEL ATTRIBUTES
***

CppFlavor       = *
__SystemLibrary = DLib


*******************************************************************************
*** PLACEMENT SUMMARY
***

"A1":  place at 0x08000000 { ro section .intvec };
"P1":  place in [from 0x08000000 to 0x08007fff] { ro };
"P2":  place in [from 0x20000000 to 0x200017ff] { rw, block CSTACK, block HEAP };
initialize by copy { rw };

  Section             Kind        Address    Size  Object
  -------             ----        -------    ----  ------
"A1":                                        0xc0
  .intvec             ro code  0x08000000    0xc0  startup_stm32f042.o [1]
                             - 0x080000c0    0xc0

"P1":                                      0x3c72
  .text               ro code  0x080000c0   0x7d4  main.o [1]
  .text               ro code  0x08000894    0xcc  RDC2-0043_USB.o [1]
  .text               ro code  0x08000960   0x210  SPI_EEPROM.o [1]
  .text               ro code  0x08000b70    0x8c  Thermistor.o [1]
  .text               ro code  0x08000bfc    0xb0  FltMul.o [4]
  .text               ro code  0x08000cac    0x3a  FltToS32.o [4]
  .text               ro code  0x08000ce6     0xa  usbd_usr.o [1]
  .text               ro code  0x08000cf0   0x358  Display.o [1]
  .text               ro code  0x08001048    0x84  Output.o [1]
  .text               ro code  0x080010cc   0x11c  LED.o [1]
  .text               ro code  0x080011e8   0x470  UserCtrl.o [1]
  .text               ro code  0x08001658   0x194  ADC.o [1]
  .text               ro code  0x080017ec    0x36  I32ToFlt.o [4]
  .text               ro code  0x08001822    0xaa  FltDiv.o [4]
  .text               ro code  0x080018cc   0x120  FltAddSub.o [4]
  .text               ro code  0x080019ec    0x26  FltCmpLe.o [4]
  .text               ro code  0x08001a12     0x2  startup_stm32f042.o [1]
  .text               ro code  0x08001a14    0x28  FltCmpGe.o [4]
  .text               ro code  0x08001a3c   0x2b4  usbd_core.o [1]
  .text               ro code  0x08001cf0   0x1f2  usbd_custom_hid_core.o [1]
  .text               ro code  0x08001ee2     0xa  logf.o [4]
  .text               ro code  0x08001eec    0xe0  I32DivModFast.o [5]
  .text               ro code  0x08001fcc   0x114  usb_bsp.o [1]
  .text               ro code  0x080020e0   0x11c  usbd_desc.o [1]
  .text               ro code  0x080021fc   0x50c  usb_dcd.o [1]
  .text               ro code  0x08002708   0x5f6  usbd_req.o [1]
  .text               ro code  0x08002cfe    0xcc  usbd_ioreq.o [1]
  .text               ro code  0x08002dca     0x2  startup_stm32f042.o [1]
  .text               ro code  0x08002dcc   0x1ac  xflog.o [4]
  .text               ro code  0x08002f78     0x2  IntDivZer.o [5]
  .text               ro code  0x08002f7a     0x2  startup_stm32f042.o [1]
  .text               ro code  0x08002f7c   0x4b4  usb_core.o [1]
  .text               ro code  0x08003430    0x10  errno.o [3]
  .text               ro code  0x08003440     0x2  xtls.o [3]
  .text               ro code  0x08003442     0x2  startup_stm32f042.o [1]
  .text               ro code  0x08003444   0x464  usb_dcd_int.o [1]
  .text               ro code  0x080038a8   0x130  usbd_pwr.o [1]
  .text               ro code  0x080039d8    0x94  system_stm32f0xx.o [1]
  .text               ro code  0x08003a6c    0x44  stm32f0xx_it.o [1]
  .text               ro code  0x08003ab0    0x3c  zero_init3.o [5]
  .text               ro code  0x08003aec    0x3c  packbits_init_single.o [5]
  .rodata             const    0x08003b28    0x30  usbd_custom_hid_core.o [1]
  .rodata             const    0x08003b58    0x2c  usbd_custom_hid_core.o [1]
  .text               ro code  0x08003b84    0x28  data_init.o [5]
  .iar.init_table     const    0x08003bac    0x20  - Linker created -
  .rodata             const    0x08003bcc    0x1c  DataTables.o [1]
  .text               ro code  0x08003be8    0x1a  cmain.o [5]
  .text               ro code  0x08003c02     0x4  low_level_init.o [3]
  .text               ro code  0x08003c06     0x8  exit.o [3]
  .text               ro code  0x08003c0e     0x2  startup_stm32f042.o [1]
  .text               ro code  0x08003c10     0xa  cexit.o [5]
  .text               ro code  0x08003c1a     0x2  startup_stm32f042.o [1]
  .text               ro code  0x08003c1c    0x14  exit.o [6]
  .rodata             const    0x08003c30    0x14  usbd_desc.o [1]
  .rodata             const    0x08003c44    0x10  usbd_desc.o [1]
  .text               ro code  0x08003c54    0x10  startup_stm32f042.o [1]
  .rodata             const    0x08003c64     0xc  usbd_desc.o [1]
  .rodata             const    0x08003c70     0xc  usbd_desc.o [1]
  .text               ro code  0x08003c7c     0xc  cstartup_M.o [5]
  .rodata             const    0x08003c88     0x8  usbd_desc.o [1]
  .rodata             const    0x08003c90     0x4  DataTables.o [1]
  .rodata             const    0x08003c94     0x4  usbd_desc.o [1]
  .text               ro code  0x08003c98     0x2  startup_stm32f042.o [1]
  .text               ro code  0x08003c9a     0x2  startup_stm32f042.o [1]
  .text               ro code  0x08003c9c     0x2  startup_stm32f042.o [1]
  .text               ro code  0x08003c9e     0x2  startup_stm32f042.o [1]
  .text               ro code  0x08003ca0     0x2  startup_stm32f042.o [1]
  .text               ro code  0x08003ca2     0x2  startup_stm32f042.o [1]
  .text               ro code  0x08003ca4     0x2  startup_stm32f042.o [1]
  .text               ro code  0x08003ca6     0x2  startup_stm32f042.o [1]
  .text               ro code  0x08003ca8     0x2  startup_stm32f042.o [1]
  .text               ro code  0x08003caa     0x2  startup_stm32f042.o [1]
  .text               ro code  0x08003cac     0x2  startup_stm32f042.o [1]
  .text               ro code  0x08003cae     0x2  startup_stm32f042.o [1]
  .text               ro code  0x08003cb0     0x2  startup_stm32f042.o [1]
  .text               ro code  0x08003cb2     0x2  startup_stm32f042.o [1]
  .rodata             const    0x08003cb4     0x0  zero_init3.o [5]
  .rodata             const    0x08003cb4     0x0  packbits_init_single.o [5]
  Initializer bytes   const    0x08003cb4    0x7e  <for P2-1>
                             - 0x08003d32  0x3c72

"P2", part 1 of 3:                           0x97
  P2-1                         0x20000000    0x97  <Init block>
    .data             inited   0x20000000    0x1c  usbd_core.o [1]
    .data             inited   0x2000001c     0x4  usbd_core.o [1]
    .data             inited   0x20000020    0x24  usbd_custom_hid_core.o [1]
    .data             inited   0x20000044    0x1c  usbd_desc.o [1]
    .data             inited   0x20000060    0x1c  usbd_desc.o [1]
    .data             inited   0x2000007c    0x14  usbd_usr.o [1]
    __DLIB_PERTHREAD  inited   0x20000090     0x4  errno.o [3]
    .data             inited   0x20000094     0x2  main.o [1]
    .data             inited   0x20000096     0x1  RDC2-0043_USB.o [1]
                             - 0x20000097    0x97

"P2", part 2 of 3:                          0x400
  CSTACK                       0x20000098   0x400  <Block>
    CSTACK            uninit   0x20000098   0x400  <Block tail>
                             - 0x20000498   0x400

"P2", part 3 of 3:                          0x23c
  .bss                zero     0x20000498    0xc8  RDC2-0043_USB.o [1]
  .bss                zero     0x20000560    0x40  RDC2-0043_USB.o [1]
  .bss                zero     0x200005a0    0x40  usbd_custom_hid_core.o [1]
  .bss                zero     0x200005e0    0x40  usbd_req.o [1]
  .bss                zero     0x20000620    0x3c  UserCtrl.o [1]
  .bss                zero     0x2000065c    0x28  main.o [1]
  .bss                zero     0x20000684     0xc  Thermistor.o [1]
  .bss                zero     0x20000690     0x8  main.o [1]
  .bss                zero     0x20000698     0x4  Display.o [1]
  .bss                zero     0x2000069c     0x4  Display.o [1]
  .bss                zero     0x200006a0     0x4  Output.o [1]
  .bss                zero     0x200006a4     0x4  Output.o [1]
  .bss                zero     0x200006a8     0x4  usb_dcd.o [1]
  .bss                zero     0x200006ac     0x4  usbd_custom_hid_core.o [1]
  .bss                zero     0x200006b0     0x4  usbd_custom_hid_core.o [1]
  .bss                zero     0x200006b4     0x4  usbd_custom_hid_core.o [1]
  .bss                zero     0x200006b8     0x4  usbd_pwr.o [1]
  .bss                zero     0x200006bc     0x4  usbd_pwr.o [1]
  .bss                zero     0x200006c0     0x4  usbd_req.o [1]
  .bss                zero     0x200006c4     0x4  UserCtrl.o [1]
  .bss                zero     0x200006c8     0x4  UserCtrl.o [1]
  .bss                zero     0x200006cc     0x2  ADC.o [1]
  .bss                zero     0x200006ce     0x1  Display.o [1]
  .bss                zero     0x200006cf     0x1  Display.o [1]
  .bss                zero     0x200006d0     0x1  RDC2-0043_USB.o [1]
  .bss                zero     0x200006d1     0x1  usbd_custom_hid_core.o [1]
  .bss                zero     0x200006d2     0x1  usbd_custom_hid_core.o [1]
  .bss                zero     0x200006d3     0x1  usbd_req.o [1]
                             - 0x200006d4   0x23c


*******************************************************************************
*** INIT TABLE
***

          Address     Size
          -------     ----
Zero (__iar_zero_init3)
    1 destination range, total size 0x23c:
          0x20000498  0x23c

Copy/packbits (__iar_packbits_init_single3)
    1 source range, total size 0x7e (83% of destination):
          0x08003cb4   0x7e
    1 destination range, total size 0x97:
          0x20000000   0x97



*******************************************************************************
*** MODULE SUMMARY
***

    Module                  ro code  ro data  rw data
    ------                  -------  -------  -------
D:\work\ArmProjects\RDC2-0043\Debug\Obj: [1]
    ADC.o                       404                 2
    DataTables.o                          32
    Display.o                   856                10
    LED.o                       284
    Output.o                    132                 8
    RDC2-0043_USB.o             204        1      266
    SPI_EEPROM.o                528
    Thermistor.o                140                12
    UserCtrl.o                1 136                68
    main.o                    2 004        2       50
    startup_stm32f042.o         248
    stm32f0xx_it.o               68
    system_stm32f0xx.o          148
    usb_bsp.o                   276
    usb_core.o                1 204
    usb_dcd.o                 1 292                 4
    usb_dcd_int.o             1 124
    usbd_core.o                 692       26       32
    usbd_custom_hid_core.o      498      122      114
    usbd_desc.o                 284      119       56
    usbd_ioreq.o                204
    usbd_pwr.o                  304                 8
    usbd_req.o                1 526                69
    usbd_usr.o                   10       17       20
    -------------------------------------------------
    Total:                   13 566      319      719

command line: [2]
    -------------------------------------------------
    Total:

dl6M_tln.a: [3]
    errno.o                      16        3        4
    exit.o                        8
    low_level_init.o              4
    xtls.o                        2
    -------------------------------------------------
    Total:                       30        3        4

m6M_tl.a: [4]
    FltAddSub.o                 288
    FltCmpGe.o                   40
    FltCmpLe.o                   38
    FltDiv.o                    170
    FltMul.o                    176
    FltToS32.o                   58
    I32ToFlt.o                   54
    logf.o                       10
    xflog.o                     428
    -------------------------------------------------
    Total:                    1 262

rt6M_tl.a: [5]
    I32DivModFast.o             224
    IntDivZer.o                   2
    cexit.o                      10
    cmain.o                      26
    cstartup_M.o                 12
    data_init.o                  40
    packbits_init_single.o       60
    zero_init3.o                 60
    -------------------------------------------------
    Total:                      434

shb_l.a: [6]
    exit.o                       20
    -------------------------------------------------
    Total:                       20

    Linker created                        32    1 024
-----------------------------------------------------
    Grand Total:             15 312      354    1 747


*******************************************************************************
*** ENTRY LIST
***

Entry                      Address   Size  Type      Object
-----                      -------   ----  ----      ------
.iar.init_table$$Base   0x08003bac          --   Gb  - Linker created -
.iar.init_table$$Limit  0x08003bcc          --   Gb  - Linker created -
?main                   0x08003be9         Code  Gb  cmain.o [5]
ADCData                 0x200006cc    0x2  Data  Lc  ADC.o [1]
ADC_GetData             0x0800179d    0x6  Code  Gb  ADC.o [1]
ADC_Init                0x080016eb   0xb2  Code  Gb  ADC.o [1]
ADDRESS                 0x200006c0    0x4  Data  Gb  usbd_req.o [1]
Activate                0x200006a0    0x4  Data  Gb  Output.o [1]
ActivateConfiguration   0x080007cd   0x76  Code  Gb  main.o [1]
CHARACTERS              0x08003bcc   0x1c  Data  Gb  DataTables.o [1]
CSTACK$$Base            0x20000098          --   Gb  - Linker created -
CSTACK$$Limit           0x20000498          --   Gb  - Linker created -
CTR                     0x08003445  0x2fe  Code  Gb  usb_dcd_int.o [1]
ClearDTOG_RX            0x080030c1   0x2e  Code  Gb  usb_core.o [1]
ClearDTOG_TX            0x080030ef   0x2e  Code  Gb  usb_core.o [1]
CustomHID_ReportDescriptor
                        0x08003b28   0x30  Data  Gb  usbd_custom_hid_core.o [1]
DCD_DevConnect          0x080026dd   0x14  Code  Gb  usb_dcd.o [1]
DCD_EP_Close            0x080023e3   0xaa  Code  Gb  usb_dcd.o [1]
DCD_EP_ClrStall         0x0800263d   0x5c  Code  Gb  usb_dcd.o [1]
DCD_EP_Open             0x0800228f  0x154  Code  Gb  usb_dcd.o [1]
DCD_EP_PrepareRx        0x0800248d   0x74  Code  Gb  usb_dcd.o [1]
DCD_EP_SetAddress       0x08002699   0x44  Code  Gb  usb_dcd.o [1]
DCD_EP_Stall            0x080025af   0x8e  Code  Gb  usb_dcd.o [1]
DCD_EP_Tx               0x08002501   0xae  Code  Gb  usb_dcd.o [1]
DCD_Init                0x080021fd   0x40  Code  Gb  usb_dcd.o [1]
DCD_PMA_Config          0x08002241   0x4e  Code  Gb  usb_dcd.o [1]
DEBOUNCE_TIMER_ISR      0x0800127b   0xca  Code  Gb  UserCtrl.o [1]
DIGITS_PINS             0x08003c90    0x4  Data  Gb  DataTables.o [1]
DISPLAY_TIMER_ISR       0x08000d83   0xd0  Code  Gb  Display.o [1]
DISPLAY_TIMER_ISR::CurDigit
                        0x200006cf    0x1  Data  Lc  Display.o [1]
DeActivate              0x200006a4    0x4  Data  Gb  Output.o [1]
DisplayState            0x200006ce    0x1  Data  Lc  Display.o [1]
Display_Init            0x08000eff   0x6c  Code  Gb  Display.o [1]
Display_OFF             0x08000fad   0x44  Code  Gb  Display.o [1]
Display_ON              0x08000f8f   0x1a  Code  Gb  Display.o [1]
Display_PointSet        0x08000f6b   0x24  Code  Gb  Display.o [1]
Display_SetValue        0x08000e53   0x1a  Code  Gb  Display.o [1]
Display_Update          0x08000e6d   0x92  Code  Gb  Display.o [1]
Dpoint                  0x2000069c    0x4  Data  Lc  Display.o [1]
EEPROM_Init             0x08000961   0x6e  Code  Gb  SPI_EEPROM.o [1]
EEPROM_IsPresent        0x08000abd   0x70  Code  Gb  SPI_EEPROM.o [1]
EEPROM_Read             0x08000a3f   0x50  Code  Gb  SPI_EEPROM.o [1]
EEPROM_ReadStatus       0x08000a8f   0x2e  Code  Gb  SPI_EEPROM.o [1]
EEPROM_Write            0x080009cf   0x70  Code  Gb  SPI_EEPROM.o [1]
ENABLE_IN_ISR           0x080013fb   0x88  Code  Gb  UserCtrl.o [1]
EXTI0_1_IRQHandler      0x08003a89    0x8  Code  Gb  stm32f0xx_it.o [1]
EXTI2_3_IRQHandler      0x08003a91    0x8  Code  Gb  stm32f0xx_it.o [1]
EXTI4_15_IRQHandler     0x08003a99    0x8  Code  Gb  stm32f0xx_it.o [1]
EnableChanged           0x200006c8    0x4  Data  Gb  UserCtrl.o [1]
ErrorHandler            0x08000875   0x20  Code  Gb  main.o [1]
FreeUserBuffer          0x08003365   0x4a  Code  Gb  usb_core.o [1]
GetENDPOINT             0x08002f97    0xe  Code  Gb  usb_core.o [1]
GetEPDblBuf0Count       0x08003329   0x1a  Code  Gb  usb_core.o [1]
GetEPDblBuf1Count       0x08003349   0x1a  Code  Gb  usb_core.o [1]
GetEPRxCount            0x080031dd   0x1a  Code  Gb  usb_core.o [1]
GetEPTxCount            0x080031c3   0x1a  Code  Gb  usb_core.o [1]
GetInputLevel           0x080015d3    0xe  Code  Gb  UserCtrl.o [1]
Get_SerialNum           0x0800214f   0x30  Code  Gb  usbd_desc.o [1]
HardFault_Handler       0x08003a6f    0x4  Code  Gb  stm32f0xx_it.o [1]
INFO_UPDATE_TIMER_ISR   0x080006c5   0x9a  Code  Gb  main.o [1]
IntToUnicode            0x080021b5   0x48  Code  Lc  usbd_desc.o [1]
KEYS_ISR                0x08001345   0xb6  Code  Gb  UserCtrl.o [1]
KeyPressed              0x200006c4    0x4  Data  Gb  UserCtrl.o [1]
KeyPressedEvent         0x08000501   0x14  Code  Gb  main.o [1]
KeyPressedEventHandler  0x08000559  0x168  Code  Gb  main.o [1]
Keys                    0x20000620   0x3c  Data  Gb  UserCtrl.o [1]
LED_Init                0x080010cd   0x44  Code  Gb  LED.o [1]
LED_OFF                 0x08001121    0xe  Code  Gb  LED.o [1]
LED_ON                  0x08001111   0x10  Code  Gb  LED.o [1]
LED_ONwithFreq          0x0800112f   0x7a  Code  Gb  LED.o [1]
NMI_Handler             0x08003a6d    0x2  Code  Gb  stm32f0xx_it.o [1]
NVIC_EnableIRQ          0x08001659    0xe  Code  Lc  ADC.o [1]
NVIC_EnableIRQ          0x08000cf1    0xe  Code  Lc  Display.o [1]
NVIC_EnableIRQ          0x080000c1    0xe  Code  Lc  main.o [1]
NVIC_EnableIRQ          0x08001fcd    0xe  Code  Lc  usb_bsp.o [1]
NVIC_EnableIRQ          0x080011e9    0xe  Code  Lc  UserCtrl.o [1]
NVIC_SetPriority        0x08001667   0x84  Code  Lc  ADC.o [1]
NVIC_SetPriority        0x08000cff   0x84  Code  Lc  Display.o [1]
NVIC_SetPriority        0x080000cf   0x84  Code  Lc  main.o [1]
NVIC_SetPriority        0x08001fdb   0x84  Code  Lc  usb_bsp.o [1]
NVIC_SetPriority        0x080011f7   0x84  Code  Lc  UserCtrl.o [1]
OutEnableChangedEvent   0x080004cd   0x30  Code  Gb  main.o [1]
Output_Activate         0x0800109f    0xa  Code  Gb  Output.o [1]
Output_DeActivate       0x080010a9    0xa  Code  Gb  Output.o [1]
Output_High             0x08001081   0x10  Code  Gb  Output.o [1]
Output_Init             0x08001049   0x14  Code  Gb  Output.o [1]
Output_Low              0x08001091    0xe  Code  Gb  Output.o [1]
Output_SetActiveLevel   0x0800105d   0x24  Code  Gb  Output.o [1]
PMAToUserBufferCopy     0x080033f1   0x28  Code  Gb  usb_core.o [1]
PendSV_Handler          0x08003a75    0x2  Code  Gb  stm32f0xx_it.o [1]
PrevXferDone            0x20000096    0x1  Data  Gb  RDC2-0043_USB.o [1]
RDC2_0043_Init          0x08000289  0x1c4  Code  Gb  main.o [1]
RDC2_0043_USB_ClearStatus
                        0x08000921    0xc  Code  Gb  RDC2-0043_USB.o [1]
RDC2_0043_USB_GetPacket
                        0x0800092d    0x4  Code  Gb  RDC2-0043_USB.o [1]
RDC2_0043_USB_GetStatus
                        0x0800091d    0x4  Code  Gb  RDC2-0043_USB.o [1]
RDC2_0043_USB_Init      0x08000895   0x28  Code  Gb  RDC2-0043_USB.o [1]
RDC2_0043_USB_RecPacket
                        0x080008bd   0x42  Code  Gb  RDC2-0043_USB.o [1]
RDC2_0043_USB_SendData  0x080008ff   0x1e  Code  Gb  RDC2-0043_USB.o [1]
RDC2_0043_USB_WhileNotReadyToSend
                        0x08000931    0xc  Code  Gb  RDC2-0043_USB.o [1]
Region$$Table$$Base     0x08003bac          --   Gb  - Linker created -
Region$$Table$$Limit    0x08003bcc          --   Gb  - Linker created -
Report_buf              0x200005a0   0x40  Data  Lc  usbd_custom_hid_core.o [1]
Resume                  0x080038eb   0xd8  Code  Gb  usbd_pwr.o [1]
ResumeS                 0x200006b8    0x4  Data  Gb  usbd_pwr.o [1]
Resume_Init             0x080038cf   0x1c  Code  Gb  usbd_pwr.o [1]
SMA_Init                0x0800077d   0x4c  Code  Gb  main.o [1]
SMAfilter               0x2000065c   0x28  Data  Lc  main.o [1]
SPI_Send                0x08000b2d   0x20  Code  Gb  SPI_EEPROM.o [1]
SVC_Handler             0x08003a73    0x2  Code  Gb  stm32f0xx_it.o [1]
SetBTABLE               0x08002f8d    0xa  Code  Gb  usb_core.o [1]
SetCNTR                 0x08002f7d    0x8  Code  Gb  usb_core.o [1]
SetEPDblBuffAddr        0x080031f9   0x3e  Code  Gb  usb_core.o [1]
SetEPDblBuffCount       0x08003249   0xd4  Code  Gb  usb_core.o [1]
SetEPDoubleBuff         0x0800303b   0x20  Code  Gb  usb_core.o [1]
SetEPRxAddr             0x08003145   0x1e  Code  Gb  usb_core.o [1]
SetEPRxCount            0x08003179   0x4a  Code  Gb  usb_core.o [1]
SetEPRxStatus           0x08002fff   0x3c  Code  Gb  usb_core.o [1]
SetEPTxAddr             0x0800311d   0x1e  Code  Gb  usb_core.o [1]
SetEPTxCount            0x08003163   0x16  Code  Gb  usb_core.o [1]
SetEPTxStatus           0x08002fc7   0x38  Code  Gb  usb_core.o [1]
SetEPType               0x08002fa5   0x22  Code  Gb  usb_core.o [1]
SetISTR                 0x08002f85    0x8  Code  Gb  usb_core.o [1]
SetOutNotActive         0x0800075f   0x18  Code  Gb  main.o [1]
State                   0x20000094    0x2  Data  Lc  main.o [1]
Suspend                 0x080038a9   0x26  Code  Gb  usbd_pwr.o [1]
SysTick_Handler         0x08003a77    0x2  Code  Gb  stm32f0xx_it.o [1]
SystemInit              0x080039d9   0x68  Code  Gb  system_stm32f0xx.o [1]
TIM14_IRQHandler        0x08003aa1    0x8  Code  Gb  stm32f0xx_it.o [1]
TIM17_IRQHandler        0x08003aa9    0x8  Code  Gb  stm32f0xx_it.o [1]
TIM3_IRQHandler         0x08003a81    0x8  Code  Gb  stm32f0xx_it.o [1]
TempEventHandler        0x08000461   0x68  Code  Gb  main.o [1]
TempSets                0x20000690    0x8  Data  Lc  main.o [1]
Therm_GetRcurFromADC    0x08000b7b   0x1a  Code  Gb  Thermistor.o [1]
Therm_GetTempFromADC    0x08000b95   0x4e  Code  Gb  Thermistor.o [1]
Therm_Init              0x08000b71    0xa  Code  Gb  Thermistor.o [1]
Thermistor              0x20000684    0xc  Data  Gb  Thermistor.o [1]
ToggleDTOG_RX           0x08003079   0x1e  Code  Gb  usb_core.o [1]
ToggleDTOG_TX           0x080030a1   0x1e  Code  Gb  usb_core.o [1]
USBD_ClrCfg             0x08001cd9   0x18  Code  Gb  usbd_core.o [1]
USBD_ClrFeature         0x08002c2b   0x36  Code  Lc  usbd_req.o [1]
USBD_CtlContinueRx      0x08002d75   0x1e  Code  Gb  usbd_ioreq.o [1]
USBD_CtlContinueSendData
                        0x08002d29   0x1e  Code  Gb  usbd_ioreq.o [1]
USBD_CtlError           0x08002c91   0x10  Code  Gb  usbd_req.o [1]
USBD_CtlPrepareRx       0x08002d47   0x2e  Code  Gb  usbd_ioreq.o [1]
USBD_CtlReceiveStatus   0x08002daf   0x1c  Code  Gb  usbd_ioreq.o [1]
USBD_CtlSendData        0x08002cff   0x2a  Code  Gb  usbd_ioreq.o [1]
USBD_CtlSendStatus      0x08002d93   0x1c  Code  Gb  usbd_ioreq.o [1]
USBD_DCD_INT_cb         0x20000000   0x1c  Data  Gb  usbd_core.o [1]
USBD_DCD_INT_fops       0x2000001c    0x4  Data  Gb  usbd_core.o [1]
USBD_DataInStage        0x08001b5d   0xc8  Code  Lc  usbd_core.o [1]
USBD_DataOutStage       0x08001ad7   0x86  Code  Lc  usbd_core.o [1]
USBD_DeInit             0x08001a7f    0x6  Code  Gb  usbd_core.o [1]
USBD_DeviceDesc         0x08003c30   0x14  Data  Gb  usbd_desc.o [1]
USBD_GetConfig          0x08002b85   0x48  Code  Lc  usbd_req.o [1]
USBD_GetDescriptor      0x08002933  0x140  Code  Lc  usbd_req.o [1]
USBD_GetLen             0x08002ce9   0x16  Code  Lc  usbd_req.o [1]
USBD_GetStatus          0x08002bcd   0x3a  Code  Lc  usbd_req.o [1]
USBD_GetString          0x08002ca1   0x48  Code  Gb  usbd_req.o [1]
USBD_HID_AltSet         0x200006ac    0x4  Data  Lc  usbd_custom_hid_core.o [1]
USBD_HID_CfgDesc        0x08003b58   0x2c  Data  Gb  usbd_custom_hid_core.o [1]
USBD_HID_DataIn         0x08001e85   0x14  Code  Gb  usbd_custom_hid_core.o [1]
USBD_HID_DataOut        0x08001e99   0x1c  Code  Gb  usbd_custom_hid_core.o [1]
USBD_HID_DeInit         0x08001d3b   0x1a  Code  Gb  usbd_custom_hid_core.o [1]
USBD_HID_EP0_RxReady    0x08001edd    0x6  Code  Gb  usbd_custom_hid_core.o [1]
USBD_HID_GetCfgDesc     0x08001e7b    0xa  Code  Gb  usbd_custom_hid_core.o [1]
USBD_HID_IdleState      0x200006b4    0x4  Data  Lc  usbd_custom_hid_core.o [1]
USBD_HID_Init           0x08001cf1   0x4a  Code  Gb  usbd_custom_hid_core.o [1]
USBD_HID_Protocol       0x200006b0    0x4  Data  Lc  usbd_custom_hid_core.o [1]
USBD_HID_Report_ID      0x200006d1    0x1  Data  Gb  usbd_custom_hid_core.o [1]
USBD_HID_SendReport     0x08001e5b   0x20  Code  Gb  usbd_custom_hid_core.o [1]
USBD_HID_Setup          0x08001d55  0x106  Code  Gb  usbd_custom_hid_core.o [1]
USBD_HID_cb             0x20000020   0x24  Data  Gb  usbd_custom_hid_core.o [1]
USBD_Init               0x08001a3d   0x42  Code  Gb  usbd_core.o [1]
USBD_LangIDDesc         0x08003c94    0x4  Data  Gb  usbd_desc.o [1]
USBD_ParseSetupRequest  0x08002c61   0x30  Code  Gb  usbd_req.o [1]
USBD_Reset              0x08001c29   0x48  Code  Lc  usbd_core.o [1]
USBD_Resume             0x08001c71   0x14  Code  Lc  usbd_core.o [1]
USBD_SOF                0x08001c9d   0x1c  Code  Lc  usbd_core.o [1]
USBD_SetAddress         0x08002a73   0x54  Code  Lc  usbd_req.o [1]
USBD_SetCfg             0x08001cb9   0x20  Code  Gb  usbd_core.o [1]
USBD_SetConfig          0x08002ac7   0xb6  Code  Lc  usbd_req.o [1]
USBD_SetConfig::cfgidx  0x200006d3    0x1  Data  Lc  usbd_req.o [1]
USBD_SetFeature         0x08002c07   0x24  Code  Lc  usbd_req.o [1]
USBD_SetupStage         0x08001a85   0x52  Code  Lc  usbd_core.o [1]
USBD_StdDevReq          0x08002709   0x7c  Code  Gb  usbd_req.o [1]
USBD_StdEPReq           0x080027d5  0x15e  Code  Gb  usbd_req.o [1]
USBD_StdItfReq          0x08002785   0x50  Code  Gb  usbd_req.o [1]
USBD_StrDesc            0x200005e0   0x40  Data  Gb  usbd_req.o [1]
USBD_StringSerial       0x20000060   0x1c  Data  Gb  usbd_desc.o [1]
USBD_Suspend            0x08001c85   0x18  Code  Lc  usbd_core.o [1]
USBD_USR_ConfigStrDescriptor
                        0x08002127   0x14  Code  Gb  usbd_desc.o [1]
USBD_USR_DeviceConfigured
                        0x08000ceb    0x2  Code  Gb  usbd_usr.o [1]
USBD_USR_DeviceDescriptor
                        0x080020e1    0xa  Code  Gb  usbd_desc.o [1]
USBD_USR_DeviceReset    0x08000ce9    0x2  Code  Gb  usbd_usr.o [1]
USBD_USR_DeviceResumed  0x08000cef    0x2  Code  Gb  usbd_usr.o [1]
USBD_USR_DeviceSuspended
                        0x08000ced    0x2  Code  Gb  usbd_usr.o [1]
USBD_USR_Init           0x08000ce7    0x2  Code  Gb  usbd_usr.o [1]
USBD_USR_InterfaceStrDescriptor
                        0x0800213b   0x14  Code  Gb  usbd_desc.o [1]
USBD_USR_LangIDStrDescriptor
                        0x080020eb    0xa  Code  Gb  usbd_desc.o [1]
USBD_USR_ManufacturerStrDescriptor
                        0x08002109   0x14  Code  Gb  usbd_desc.o [1]
USBD_USR_ProductStrDescriptor
                        0x080020f5   0x14  Code  Gb  usbd_desc.o [1]
USBD_USR_SerialStrDescriptor
                        0x0800211d    0xa  Code  Gb  usbd_desc.o [1]
USBDataBuf              0x20000560   0x40  Data  Lc  RDC2-0043_USB.o [1]
USBStatus               0x200006d0    0x1  Data  Lc  RDC2-0043_USB.o [1]
USB_BSP_EnableInterrupt
                        0x080020cd   0x14  Code  Gb  usb_bsp.o [1]
USB_BSP_Init            0x0800205f   0x50  Code  Gb  usb_bsp.o [1]
USB_Device_dev          0x20000498   0xc8  Data  Gb  RDC2-0043_USB.o [1]
USB_IRQHandler          0x08003a79    0x8  Code  Gb  stm32f0xx_it.o [1]
USB_Istr                0x08003779  0x106  Code  Gb  usb_dcd_int.o [1]
USR_cb                  0x2000007c   0x14  Data  Gb  usbd_usr.o [1]
USR_desc                0x20000044   0x1c  Data  Gb  usbd_desc.o [1]
UserCtrlDisable         0x080015ef    0xe  Code  Gb  UserCtrl.o [1]
UserCtrlEnable          0x080015e1    0xe  Code  Gb  UserCtrl.o [1]
UserCtrl_Init           0x080014b9  0x11a  Code  Gb  UserCtrl.o [1]
UserToPMABufferCopy     0x080033af   0x38  Code  Gb  usb_core.o [1]
ValueToShow             0x20000698    0x4  Data  Lc  Display.o [1]
__ICFEDIT_region_RAM_end__ {Abs}
                        0x200017ff          --   Gb  command line/config [2]
__ICFEDIT_region_RAM_start__ {Abs}
                        0x20000000          --   Gb  command line/config [2]
__aeabi_cfcmple         0x080019ed         Code  Gb  FltCmpLe.o [4]
__aeabi_cfrcmple        0x08001a15         Code  Gb  FltCmpGe.o [4]
__aeabi_errno_addr      0x08003431    0xa  Code  Gb  errno.o [3]
__aeabi_f2iz            0x08000cad         Code  Gb  FltToS32.o [4]
__aeabi_fadd            0x080018cd         Code  Gb  FltAddSub.o [4]
__aeabi_fdiv            0x08001823         Code  Gb  FltDiv.o [4]
__aeabi_fmul            0x08000bfd         Code  Gb  FltMul.o [4]
__aeabi_fsub            0x0800193d         Code  Gb  FltAddSub.o [4]
__aeabi_i2f             0x080017ed         Code  Gb  I32ToFlt.o [4]
__aeabi_idiv            0x08001f19         Code  Gb  I32DivModFast.o [5]
__aeabi_idiv0           0x08002f79         Code  Gb  IntDivZer.o [5]
__aeabi_idivmod         0x08001f19         Code  Gb  I32DivModFast.o [5]
__aeabi_ui2f            0x08001805         Code  Gb  I32ToFlt.o [4]
__aeabi_uidiv           0x08001f1f         Code  Gb  I32DivModFast.o [5]
__aeabi_uidivmod        0x08001f1f         Code  Gb  I32DivModFast.o [5]
__cmain                 0x08003be9         Code  Gb  cmain.o [5]
__exit                  0x08003c1d   0x14  Code  Gb  exit.o [6]
__iar_Errno             0x20000090    0x4  Data  Gb  errno.o [3]
__iar_FLog              0x08002dcd  0x168  Code  Gb  xflog.o [4]
__iar_data_init3        0x08003b85   0x28  Code  Gb  data_init.o [5]
__iar_dlib_perthread_access
                        0x08003441    0x2  Code  Gb  xtls.o [3]
__iar_packbits_init_single3
                        0x08003aed   0x3c  Code  Gb  packbits_init_single.o [5]
__iar_program_start     0x08003c7d         Code  Gb  cstartup_M.o [5]
__iar_ui2f              0x08001809         Code  Gb  I32ToFlt.o [4]
__iar_zero_init3        0x08003ab1   0x3c  Code  Gb  zero_init3.o [5]
__low_level_init        0x08003c03    0x4  Code  Gb  low_level_init.o [3]
__vector_table          0x08000000         Data  Gb  startup_stm32f042.o [1]
_call_main              0x08003bf5         Code  Gb  cmain.o [5]
_exit                   0x08003c11         Code  Gb  cexit.o [5]
_main                   0x08003bff         Code  Gb  cmain.o [5]
exit                    0x08003c07    0x8  Code  Gb  exit.o [3]
flag                    0x200006d2    0x1  Data  Gb  usbd_custom_hid_core.o [1]
logf                    0x08001ee3    0xa  Code  Gb  logf.o [4]
main                    0x08000153  0x12e  Code  Gb  main.o [1]
remotewakeupon          0x200006bc    0x4  Data  Gb  usbd_pwr.o [1]
wInterrupt_Mask         0x200006a8    0x4  Data  Gb  usb_dcd.o [1]


[1] = D:\work\ArmProjects\RDC2-0043\Debug\Obj
[2] = command line
[3] = dl6M_tln.a
[4] = m6M_tl.a
[5] = rt6M_tl.a
[6] = shb_l.a

  15 312 bytes of readonly  code memory
     354 bytes of readonly  data memory
   1 747 bytes of readwrite data memory

Errors: none
Warnings: none
